[Licensing::Module] Trying to connect to existing licensing client channel...
[Licensing::IpcConnector] Successfully connected to: "LicenseClient-LENOVO" at "2026-06-02T10:51:27.3163249Z"
Built from '6000.4/staging' branch; Version is '6000.4.5f1 (cc83ebd631f8) revision 13403115'; Using compiler version '194234433'; Build Type 'Release'
OS: 'Windows 11  (10.0.26200) Professional' Language: 'en' Physical Memory: 7975 MB
BatchMode: 1, IsHumanControllingUs: 0, StartBugReporterOnCrash: 0, Is64bit: 1
System  architecture: x64
Process architecture: x64
Date: 2026-06-02T10:51:27Z

COMMAND LINE ARGUMENTS:
C:\Program Files\Unity\Hub\Editor\6000.4.5f1\Editor\Unity.exe
-adb2
-batchMode
-noUpm
-name
AssetImportWorker1
-projectPath
C:/Users/LENOVO/OneDrive/Desktop/alu-unity/unity-assets_models_textures
-logFile
Logs/AssetImportWorker1.log
-srvPort
51546
-licensingIpc
LicenseClient-LENOVO
-force-d3d12
-job-worker-count
3
-background-job-worker-count
8
-gc-helper-count
1
-name
AssetImport
Successfully changed project path to: C:/Users/LENOVO/OneDrive/Desktop/alu-unity/unity-assets_models_textures
C:/Users/LENOVO/OneDrive/Desktop/alu-unity/unity-assets_models_textures
[UnityMemory] Configuration Parameters - Can be set up in boot.config
    "memorysetup-temp-allocator-size-gi-baking-worker=262144"
    "memorysetup-temp-allocator-size-gi-baking-worker=262144"
    "memorysetup-temp-allocator-size-gi-baking-worker=262144"
    "memorysetup-temp-allocator-size-gi-baking-worker=262144"
    "memorysetup-temp-allocator-size-gi-baking-worker=262144"
    "memorysetup-temp-allocator-size-nav-mesh-worker=65536"
    "memorysetup-temp-allocator-size-audio-worker=65536"
    "memorysetup-temp-allocator-size-cloud-worker=32768"
    "memorysetup-temp-allocator-size-gfx=262144"
    "memorysetup-temp-allocator-size-preload-manager=33554432"
    "memorysetup-temp-allocator-size-job-worker=262144"
    "memorysetup-temp-allocator-size-background-worker=32768"
    "memorysetup-allocator-temp-initial-block-size-main=262144"
    "memorysetup-allocator-temp-initial-block-size-worker=262144"
    "memorysetup-bucket-allocator-granularity=16"
    "memorysetup-bucket-allocator-bucket-count=8"
    "memorysetup-bucket-allocator-block-size=33554432"
    "memorysetup-bucket-allocator-block-count=8"
    "memorysetup-main-allocator-block-size=16777216"
    "memorysetup-thread-allocator-block-size=16777216"
    "memorysetup-gfx-main-allocator-block-size=16777216"
    "memorysetup-gfx-thread-allocator-block-size=16777216"
    "memorysetup-cache-allocator-block-size=4194304"
    "memorysetup-typetree-allocator-block-size=2097152"
    "memorysetup-profiler-bucket-allocator-granularity=16"
    "memorysetup-profiler-bucket-allocator-bucket-count=8"
    "memorysetup-profiler-bucket-allocator-block-size=33554432"
    "memorysetup-profiler-bucket-allocator-block-count=8"
    "memorysetup-profiler-allocator-block-size=16777216"
    "memorysetup-profiler-editor-allocator-block-size=1048576"
    "memorysetup-temp-allocator-size-main=16777216"
    "memorysetup-job-temp-allocator-block-size=2097152"
    "memorysetup-job-temp-allocator-block-size-background=1048576"
    "memorysetup-job-temp-allocator-reduction-small-platforms=262144"
Player connection [27320]  Target information:

Player connection [27320]  * "[IP] 172.19.176.1 [Port] 0 [Flags] 2 [Guid] 2205826711 [EditorId] 2205826711 [Version] 1048832 [Id] WindowsEditor(7,DESKTOP-0846CQD) [Debug] 1 [PackageName] WindowsEditor [ProjectName] Editor" 

Player connection [27320]  * "[IP] 192.168.56.1 [Port] 0 [Flags] 2 [Guid] 2205826711 [EditorId] 2205826711 [Version] 1048832 [Id] WindowsEditor(7,DESKTOP-0846CQD) [Debug] 1 [PackageName] WindowsEditor [ProjectName] Editor" 

Player connection [27320]  * "[IP] 192.168.1.91 [Port] 0 [Flags] 2 [Guid] 2205826711 [EditorId] 2205826711 [Version] 1048832 [Id] WindowsEditor(7,DESKTOP-0846CQD) [Debug] 1 [PackageName] WindowsEditor [ProjectName] Editor" 

Player connection [27320] Host joined multi-casting on [225.0.0.222:54997]...
Player connection [27320] Host joined alternative multi-casting on [225.0.0.222:34997]...
JobSystem: Creating JobQueue using job-worker-count value 3
Input System module state changed to: Initialized.
[Physics::Module] Initialized fallback backend.
[Physics::Module] Id: 0xdecafbad
Library Redirect Path: Library/
[Physics::Module] Selected backend.
[Physics::Module] Name: PhysX
[Physics::Module] Id: 0xf2b8ea05
[Physics::Module] SDK Version: 4.1.2
[Physics::Module] Integration Version: 1.0.0
[Physics::Module] Threading Mode: Multi-Threaded
Initialize engine version: 6000.4.5f1 (cc83ebd631f8)
[Subsystems] Discovering subsystems at path C:/Program Files/Unity/Hub/Editor/6000.4.5f1/Editor/Data/Resources/UnitySubsystems
[Subsystems] Discovering subsystems at path C:/Users/LENOVO/OneDrive/Desktop/alu-unity/unity-assets_models_textures/Assets
Forcing GfxDevice: Direct3D 12
GfxDevice: creating device client; kGfxThreadingModeNonThreaded
d3d12: failed to query info queue interface (0x80004002).
Direct3D:
    Version:         Direct3D 12 [level 12.1]
    Renderer:        NVIDIA GeForce MX450 (ID=0x1f97)
    Vendor:          NVIDIA
    VRAM:            1928 MB
    App VRAM Budget: 1639 MB
    Driver:          31.0.15.1654
Initialize mono
Mono path[0] = 'C:/Program Files/Unity/Hub/Editor/6000.4.5f1/Editor/Data/Managed'
Mono path[1] = 'C:/Program Files/Unity/Hub/Editor/6000.4.5f1/Editor/Data/MonoBleedingEdge/lib/mono/unityjit-win32'
Mono config path = 'C:/Program Files/Unity/Hub/Editor/6000.4.5f1/Editor/Data/MonoBleedingEdge/etc'
Using monoOptions --debugger-agent=transport=dt_socket,embedding=1,server=y,suspend=n,address=127.0.0.1:56824
CodeReloadManager initialized
Begin MonoManager ReloadAssembly
Registering precompiled unity dll's ...
Register platform support module: C:/Program Files/Unity/Hub/Editor/6000.4.5f1/Editor/Data/PlaybackEngines/WebGLSupport/UnityEditor.WebGL.Extensions.dll
Register platform support module: C:/Program Files/Unity/Hub/Editor/6000.4.5f1/Editor/Data/PlaybackEngines/MacStandaloneSupport/UnityEditor.OSXStandalone.Extensions.dll
Register platform support module: C:/Program Files/Unity/Hub/Editor/6000.4.5f1/Editor/Data/PlaybackEngines/WindowsStandaloneSupport/UnityEditor.WindowsStandalone.Extensions.dll
Register platform support module: C:/Program Files/Unity/Hub/Editor/6000.4.5f1/Editor/Data/PlaybackEngines/LinuxStandaloneSupport/UnityEditor.LinuxStandalone.Extensions.dll
Registered in 0.140035 seconds.
Native extension for LinuxStandalone target not found
Native extension for WindowsStandalone target not found
Native extension for OSXStandalone target not found
Native extension for WebGL target not found
Package Manager log level set to [2]
[Package Manager] Failed to launch server process. Reason: Unity was launched with the -noUpm command-line argument
[Package Manager] Unable to send message (not connected to server process).
[Package Manager] Cannot connect to Unity Package Manager local server
[Package Manager] Failed to launch server process. Reason: Unity was launched with the -noUpm command-line argument
[Package Manager] Unable to send message (not connected to server process).
[Package Manager] Cannot connect to Unity Package Manager local server
ScheduleIndexationOnStartup MainProcess:False IndexOnStartup:True
Mono: successfully reloaded assembly
- Finished resetting the current domain, in  8.305 seconds
Domain Reload Profiling: 24973ms
	BeginReloadAssembly (4728ms)
		CreateAndSetChildDomain (6ms)
	RebuildCommonClasses (725ms)
	RebuildNativeTypeToScriptingClass (319ms)
	initialDomainReloadingComplete (2424ms)
	LoadAllAssembliesAndSetupDomain (8457ms)
		LoadAssemblies (4691ms)
		AnalyzeDomain (8186ms)
			TypeCache.Refresh (8143ms)
				TypeCache.ScanAssembly (7832ms)
			BuildScriptInfoCaches (3ms)
			ResolveRequiredComponents (27ms)
	FinalizeReload (8321ms)
		SetupLoadedEditorAssemblies (0ms)
			InitializePlatformSupportModulesInManaged (965ms)
			BeforeProcessingInitializeOnLoad (2137ms)
			ProcessInitializeOnLoadAttributes (2223ms)
			ProcessInitializeOnLoadMethodAttributes (1292ms)
========================================================================
Worker process is ready to serve import requests
Import Worker Mode flag is 0x00
Begin MonoManager ReloadAssembly
[Licensing::Module] Licensing is not yet initialized.
[Licensing::Client] Error: HandshakeResponse reported an error:
	ResponseCode: 505
	ResponseStatus: Unsupported protocol version '1.18.1'.
[Licensing::Module] Error: Failed to handshake to channel: "LicenseClient-LENOVO"
[Licensing::IpcConnector] LicenseClient-LENOVO channel disconnected successfully.
[Licensing::IpcConnector] Successfully connected to: "LicenseClient-LENOVO-6000.4.5" at "2026-06-02T10:52:21.6435491Z"
[Licensing::Client] Code 10 while verifying Licensing Client signature (process Id: 20660, path: "C:/Program Files/Unity/Hub/Editor/6000.4.5f1/Editor/Data/Resources/Licensing/Client/Unity.Licensing.Client.exe")
[Licensing::Module] LicensingClient has failed validation; ignoring
[Licensing::Client] Handshaking with LicensingClient:
  Version:                 1.18.1+9fbee8e
  Session Id:              239a476dedf148dca5ceaf731e123699
  Correlation Id:          5591ac7665818a9b22c494c15f1308ae
  External correlation Id: 8221105300936593990
  Machine Id:              FHWoad8bAp2I7gkx9c5LLO0NPvs=
[Licensing::Module] Successfully connected to LicensingClient on channel: "LicenseClient-LENOVO-6000.4.5" (connect: 0.00s, validation: 0.03s, handshake: 0.20s)
[Licensing::IpcConnector] Successfully connected to: "LicenseClient-LENOVO-6000.4.5-notifications" at "2026-06-02T10:52:21.871453Z"
[Licensing::Module] Licensing Background thread has ended after 54.56s
[Licensing::Module] Licensing is initialized (took 17.39s).
[Licensing::Client] Successfully resolved entitlement details
[Licensing::Module] License group:
  Id: 11270669987969-UnityPersXXXX
  Product: Unity Personal
  Type: Assigned
  Expiration: Unlimited
Assembly Assembly-CSharp-Editor-firstpass.dll at Library/ScriptAssemblies/Assembly-CSharp-Editor-firstpass.dll not valid. Loading of assembly skipped.
Assembly Assembly-CSharp-Editor.dll at Library/ScriptAssemblies/Assembly-CSharp-Editor.dll not valid. Loading of assembly skipped.
Assembly Assembly-CSharp-firstpass.dll at Library/ScriptAssemblies/Assembly-CSharp-firstpass.dll not valid. Loading of assembly skipped.
Assembly Assembly-CSharp.dll at Library/ScriptAssemblies/Assembly-CSharp.dll not valid. Loading of assembly skipped.
Assembly Unity.Multiplayer.Center.Editor.Tests.dll at Library/ScriptAssemblies/Unity.Multiplayer.Center.Editor.Tests.dll not valid. Loading of assembly skipped.
Assembly Unity.Multiplayer.Center.Tests.dll at Library/ScriptAssemblies/Unity.Multiplayer.Center.Tests.dll not valid. Loading of assembly skipped.
Native extension for LinuxStandalone target not found
Native extension for WindowsStandalone target not found
Native extension for OSXStandalone target not found
Native extension for WebGL target not found
[Package Manager] Failed to launch server process. Reason: Unity was launched with the -noUpm command-line argument
[Package Manager] Unable to send message (not connected to server process).
[Package Manager] Cannot connect to Unity Package Manager local server
ScheduleIndexationOnStartup MainProcess:False IndexOnStartup:True
Mono: successfully reloaded assembly
- Finished resetting the current domain, in  5.408 seconds
Domain Reload Profiling: 29632ms
	BeginReloadAssembly (21195ms)
		DisableScriptedObjects (162ms)
		CreateAndSetChildDomain (267ms)
	RebuildCommonClasses (1154ms)
	RebuildNativeTypeToScriptingClass (220ms)
	initialDomainReloadingComplete (1403ms)
	LoadAllAssembliesAndSetupDomain (236ms)
		LoadAssemblies (2370ms)
		AnalyzeDomain (135ms)
			TypeCache.Refresh (92ms)
				TypeCache.ScanAssembly (50ms)
			BuildScriptInfoCaches (18ms)
			ResolveRequiredComponents (3ms)
	FinalizeReload (5425ms)
		SetupLoadedEditorAssemblies (0ms)
			InitializePlatformSupportModulesInManaged (21ms)
			BeforeProcessingInitializeOnLoad (1641ms)
			ProcessInitializeOnLoadAttributes (1595ms)
			ProcessInitializeOnLoadMethodAttributes (413ms)
			AfterProcessingInitializeOnLoad (43ms)
		AwakeInstancesAfterBackupRestoration (80ms)
Launched and connected shader compiler UnityShaderCompiler.exe after 0.19 seconds
Unloading 0 Unused Serialized files (Serialized files now loaded: 0)
Unloading 64 unused Assets / (30.3 KB). Loaded Objects now: 663.
Memory consumption went from 65.3 MB to 65.3 MB.
Total: 32.540100 ms (FindLiveObjects: 0.201000 ms CreateObjectMapping: 0.058300 ms MarkObjects: 30.644400 ms  DeleteObjects: 1.622600 ms)

========================================================================
Received Import Request.
  Time since last request: 414703.905151 seconds.
  path: Assets/Prefabs/Player.prefab
  importAddress: Guid(e95a8be5920d51c4bb1a0be42a110991) Importer(2089858483,b0f066a214c2f5e87bad3c948f4d605d)
Start importing Assets/Prefabs/Player.prefab using Guid(e95a8be5920d51c4bb1a0be42a110991) Importer(2089858483,b0f066a214c2f5e87bad3c948f4d605d) (ScriptedImporter) -> (Import Result ID: '2377e78d04e6816728cdfa26ff0996d4') in 2.7137248 seconds [static and dynamic dependencies]. Details - ImportResultOutputID=b241a2a87d4ab34831446bed75b392ba DependenciesID=a26938b4eb3a73b9c99adffb9be4e630 StaticDependenciesID=9feddb958976098e1a98a986ae4c61c4 
Number of updated asset objects reloaded before import = 0Number of asset objects unloaded after import = 7

========================================================================
Received Import Request.
  Time since last request: 48.150605 seconds.
  path: Assets/Scenes/Level101.unity
  importAddress: Guid(1063786fcc65bca47b23bbae0bedc738) Importer(2089858483,b0f066a214c2f5e87bad3c948f4d605d)
Start importing Assets/Scenes/Level101.unity using Guid(1063786fcc65bca47b23bbae0bedc738) Importer(2089858483,b0f066a214c2f5e87bad3c948f4d605d) (ScriptedImporter) -> (Import Result ID: 'e1506e1e46b352dd863e806ddc7c0761') in 24.9344872 seconds [static and dynamic dependencies]. Details - ImportResultOutputID=28e81d66faf3010bd6fea4db5d0d9925 DependenciesID=4345a7d24b7410ad9edbe4355c03771b StaticDependenciesID=6cdccfcd26d46e028936a413fbde7673 
Number of updated asset objects reloaded before import = 0Number of asset objects unloaded after import = 1

