[Licensing::Module] Trying to connect to existing licensing client channel...
Built from '6000.4/staging' branch; Version is '6000.4.5f1 (cc83ebd631f8) revision 13403115'; Using compiler version '194234433'; Build Type 'Release'
OS: 'Windows 11  (10.0.26200) Professional' Language: 'en' Physical Memory: 7975 MB
BatchMode: 1, IsHumanControllingUs: 0, StartBugReporterOnCrash: 0, Is64bit: 1
System  architecture: x64
Process architecture: x64
[Licensing::IpcConnector] Successfully connected to: "LicenseClient-LENOVO" at "2026-06-02T10:51:17.6863801Z"
Date: 2026-06-02T10:51:17Z

COMMAND LINE ARGUMENTS:
C:\Program Files\Unity\Hub\Editor\6000.4.5f1\Editor\Unity.exe
-adb2
-batchMode
-noUpm
-name
AssetImportWorker0
-projectPath
C:/Users/LENOVO/OneDrive/Desktop/alu-unity/unity-assets_models_textures
-logFile
Logs/AssetImportWorker0.log
-srvPort
51546
-licensingIpc
LicenseClient-LENOVO
-force-d3d12
-job-worker-count
3
-background-job-worker-count
8
-gc-helper-count
1
-name
AssetImport
Successfully changed project path to: C:/Users/LENOVO/OneDrive/Desktop/alu-unity/unity-assets_models_textures
C:/Users/LENOVO/OneDrive/Desktop/alu-unity/unity-assets_models_textures
[UnityMemory] Configuration Parameters - Can be set up in boot.config
    "memorysetup-temp-allocator-size-gi-baking-worker=262144"
    "memorysetup-temp-allocator-size-gi-baking-worker=262144"
    "memorysetup-temp-allocator-size-gi-baking-worker=262144"
    "memorysetup-temp-allocator-size-gi-baking-worker=262144"
    "memorysetup-temp-allocator-size-gi-baking-worker=262144"
    "memorysetup-temp-allocator-size-nav-mesh-worker=65536"
    "memorysetup-temp-allocator-size-audio-worker=65536"
    "memorysetup-temp-allocator-size-cloud-worker=32768"
    "memorysetup-temp-allocator-size-gfx=262144"
    "memorysetup-temp-allocator-size-preload-manager=33554432"
    "memorysetup-temp-allocator-size-job-worker=262144"
    "memorysetup-temp-allocator-size-background-worker=32768"
    "memorysetup-allocator-temp-initial-block-size-main=262144"
    "memorysetup-allocator-temp-initial-block-size-worker=262144"
    "memorysetup-bucket-allocator-granularity=16"
    "memorysetup-bucket-allocator-bucket-count=8"
    "memorysetup-bucket-allocator-block-size=33554432"
    "memorysetup-bucket-allocator-block-count=8"
    "memorysetup-main-allocator-block-size=16777216"
    "memorysetup-thread-allocator-block-size=16777216"
    "memorysetup-gfx-main-allocator-block-size=16777216"
    "memorysetup-gfx-thread-allocator-block-size=16777216"
    "memorysetup-cache-allocator-block-size=4194304"
    "memorysetup-typetree-allocator-block-size=2097152"
    "memorysetup-profiler-bucket-allocator-granularity=16"
    "memorysetup-profiler-bucket-allocator-bucket-count=8"
    "memorysetup-profiler-bucket-allocator-block-size=33554432"
    "memorysetup-profiler-bucket-allocator-block-count=8"
    "memorysetup-profiler-allocator-block-size=16777216"
    "memorysetup-profiler-editor-allocator-block-size=1048576"
    "memorysetup-temp-allocator-size-main=16777216"
    "memorysetup-job-temp-allocator-block-size=2097152"
    "memorysetup-job-temp-allocator-block-size-background=1048576"
    "memorysetup-job-temp-allocator-reduction-small-platforms=262144"
Player connection [20752]  Target information:

Player connection [20752]  * "[IP] 172.19.176.1 [Port] 0 [Flags] 2 [Guid] 2922159539 [EditorId] 2922159539 [Version] 1048832 [Id] WindowsEditor(7,DESKTOP-0846CQD) [Debug] 1 [PackageName] WindowsEditor [ProjectName] Editor" 

Player connection [20752]  * "[IP] 192.168.56.1 [Port] 0 [Flags] 2 [Guid] 2922159539 [EditorId] 2922159539 [Version] 1048832 [Id] WindowsEditor(7,DESKTOP-0846CQD) [Debug] 1 [PackageName] WindowsEditor [ProjectName] Editor" 

Player connection [20752]  * "[IP] 192.168.1.91 [Port] 0 [Flags] 2 [Guid] 2922159539 [EditorId] 2922159539 [Version] 1048832 [Id] WindowsEditor(7,DESKTOP-0846CQD) [Debug] 1 [PackageName] WindowsEditor [ProjectName] Editor" 

Player connection [20752] Host joined multi-casting on [225.0.0.222:54997]...
Player connection [20752] Host joined alternative multi-casting on [225.0.0.222:34997]...
JobSystem: Creating JobQueue using job-worker-count value 3
Input System module state changed to: Initialized.
[Physics::Module] Initialized fallback backend.
[Physics::Module] Id: 0xdecafbad
Library Redirect Path: Library/
[Physics::Module] Selected backend.
[Physics::Module] Name: PhysX
[Physics::Module] Id: 0xf2b8ea05
[Physics::Module] SDK Version: 4.1.2
[Physics::Module] Integration Version: 1.0.0
[Physics::Module] Threading Mode: Multi-Threaded
Initialize engine version: 6000.4.5f1 (cc83ebd631f8)
[Subsystems] Discovering subsystems at path C:/Program Files/Unity/Hub/Editor/6000.4.5f1/Editor/Data/Resources/UnitySubsystems
[Subsystems] Discovering subsystems at path C:/Users/LENOVO/OneDrive/Desktop/alu-unity/unity-assets_models_textures/Assets
Forcing GfxDevice: Direct3D 12
GfxDevice: creating device client; kGfxThreadingModeNonThreaded
d3d12: failed to query info queue interface (0x80004002).
Direct3D:
    Version:         Direct3D 12 [level 12.1]
    Renderer:        NVIDIA GeForce MX450 (ID=0x1f97)
    Vendor:          NVIDIA
    VRAM:            1928 MB
    App VRAM Budget: 1639 MB
    Driver:          31.0.15.1654
Initialize mono
Mono path[0] = 'C:/Program Files/Unity/Hub/Editor/6000.4.5f1/Editor/Data/Managed'
Mono path[1] = 'C:/Program Files/Unity/Hub/Editor/6000.4.5f1/Editor/Data/MonoBleedingEdge/lib/mono/unityjit-win32'
Mono config path = 'C:/Program Files/Unity/Hub/Editor/6000.4.5f1/Editor/Data/MonoBleedingEdge/etc'
Using monoOptions --debugger-agent=transport=dt_socket,embedding=1,server=y,suspend=n,address=127.0.0.1:56548
CodeReloadManager initialized
Begin MonoManager ReloadAssembly
Registering precompiled unity dll's ...
Register platform support module: C:/Program Files/Unity/Hub/Editor/6000.4.5f1/Editor/Data/PlaybackEngines/WebGLSupport/UnityEditor.WebGL.Extensions.dll
Register platform support module: C:/Program Files/Unity/Hub/Editor/6000.4.5f1/Editor/Data/PlaybackEngines/MacStandaloneSupport/UnityEditor.OSXStandalone.Extensions.dll
Register platform support module: C:/Program Files/Unity/Hub/Editor/6000.4.5f1/Editor/Data/PlaybackEngines/WindowsStandaloneSupport/UnityEditor.WindowsStandalone.Extensions.dll
Register platform support module: C:/Program Files/Unity/Hub/Editor/6000.4.5f1/Editor/Data/PlaybackEngines/LinuxStandaloneSupport/UnityEditor.LinuxStandalone.Extensions.dll
Registered in 0.041958 seconds.
Native extension for LinuxStandalone target not found
Native extension for WindowsStandalone target not found
Native extension for OSXStandalone target not found
Native extension for WebGL target not found
Package Manager log level set to [2]
[Package Manager] Failed to launch server process. Reason: Unity was launched with the -noUpm command-line argument
[Package Manager] Unable to send message (not connected to server process).
[Package Manager] Cannot connect to Unity Package Manager local server
[Package Manager] Failed to launch server process. Reason: Unity was launched with the -noUpm command-line argument
[Package Manager] Unable to send message (not connected to server process).
[Package Manager] Cannot connect to Unity Package Manager local server
ScheduleIndexationOnStartup MainProcess:False IndexOnStartup:True
Mono: successfully reloaded assembly
- Finished resetting the current domain, in 15.282 seconds
Domain Reload Profiling: 28842ms
	BeginReloadAssembly (3298ms)
		CreateAndSetChildDomain (47ms)
	RebuildCommonClasses (1768ms)
	RebuildNativeTypeToScriptingClass (297ms)
	initialDomainReloadingComplete (1856ms)
	LoadAllAssembliesAndSetupDomain (6319ms)
		LoadAssemblies (3218ms)
		AnalyzeDomain (6121ms)
			TypeCache.Refresh (6072ms)
				TypeCache.ScanAssembly (5816ms)
			BuildScriptInfoCaches (5ms)
			ResolveRequiredComponents (13ms)
	FinalizeReload (15303ms)
		SetupLoadedEditorAssemblies (0ms)
			InitializePlatformSupportModulesInManaged (1557ms)
			BeforeProcessingInitializeOnLoad (6383ms)
			ProcessInitializeOnLoadAttributes (2718ms)
			ProcessInitializeOnLoadMethodAttributes (2165ms)
		ExecutionOrderSort2 (3ms)
========================================================================
Worker process is ready to serve import requests
Import Worker Mode flag is 0x00
Begin MonoManager ReloadAssembly
[Licensing::Module] Licensing is not yet initialized.
[Licensing::Client] Error: HandshakeResponse reported an error:
	ResponseCode: 505
	ResponseStatus: Unsupported protocol version '1.18.1'.
[Licensing::Module] Error: Failed to handshake to channel: "LicenseClient-LENOVO"
[Licensing::IpcConnector] LicenseClient-LENOVO channel disconnected successfully.
[Licensing::IpcConnector] Successfully connected to: "LicenseClient-LENOVO-6000.4.5" at "2026-06-02T10:52:13.9733143Z"
[Licensing::Client] Code 10 while verifying Licensing Client signature (process Id: 20660, path: "C:/Program Files/Unity/Hub/Editor/6000.4.5f1/Editor/Data/Resources/Licensing/Client/Unity.Licensing.Client.exe")
[Licensing::Module] LicensingClient has failed validation; ignoring
[Licensing::Client] Handshaking with LicensingClient:
  Version:                 1.18.1+9fbee8e
  Session Id:              c52ea5033c264050bf31209b65e68d4f
  Correlation Id:          5591ac7665818a9b22c494c15f1308ae
  External correlation Id: 251967418019974893
  Machine Id:              FHWoad8bAp2I7gkx9c5LLO0NPvs=
[Licensing::Module] Successfully connected to LicensingClient on channel: "LicenseClient-LENOVO-6000.4.5" (connect: 0.00s, validation: 0.05s, handshake: 0.28s)
[Licensing::IpcConnector] Successfully connected to: "LicenseClient-LENOVO-6000.4.5-notifications" at "2026-06-02T10:52:14.3149785Z"
[Licensing::Module] Licensing Background thread has ended after 56.63s
[Licensing::Module] Licensing is initialized (took 13.11s).
[Licensing::Client] Successfully resolved entitlement details
[Licensing::Module] License group:
  Id: 11270669987969-UnityPersXXXX
  Product: Unity Personal
  Type: Assigned
  Expiration: Unlimited
Assembly Assembly-CSharp-Editor-firstpass.dll at Library/ScriptAssemblies/Assembly-CSharp-Editor-firstpass.dll not valid. Loading of assembly skipped.
Assembly Assembly-CSharp-Editor.dll at Library/ScriptAssemblies/Assembly-CSharp-Editor.dll not valid. Loading of assembly skipped.
Assembly Assembly-CSharp-firstpass.dll at Library/ScriptAssemblies/Assembly-CSharp-firstpass.dll not valid. Loading of assembly skipped.
Assembly Assembly-CSharp.dll at Library/ScriptAssemblies/Assembly-CSharp.dll not valid. Loading of assembly skipped.
Assembly Unity.Multiplayer.Center.Editor.Tests.dll at Library/ScriptAssemblies/Unity.Multiplayer.Center.Editor.Tests.dll not valid. Loading of assembly skipped.
Assembly Unity.Multiplayer.Center.Tests.dll at Library/ScriptAssemblies/Unity.Multiplayer.Center.Tests.dll not valid. Loading of assembly skipped.
Native extension for LinuxStandalone target not found
Native extension for WindowsStandalone target not found
Native extension for OSXStandalone target not found
Native extension for WebGL target not found
[Package Manager] Failed to launch server process. Reason: Unity was launched with the -noUpm command-line argument
[Package Manager] Unable to send message (not connected to server process).
[Package Manager] Cannot connect to Unity Package Manager local server
ScheduleIndexationOnStartup MainProcess:False IndexOnStartup:True
Mono: successfully reloaded assembly
- Finished resetting the current domain, in  7.347 seconds
Domain Reload Profiling: 27745ms
	BeginReloadAssembly (17982ms)
		DisableScriptedObjects (59ms)
		CreateAndSetChildDomain (352ms)
	RebuildCommonClasses (640ms)
	RebuildNativeTypeToScriptingClass (342ms)
	initialDomainReloadingComplete (1164ms)
	LoadAllAssembliesAndSetupDomain (259ms)
		LoadAssemblies (3742ms)
		AnalyzeDomain (155ms)
			TypeCache.Refresh (125ms)
				TypeCache.ScanAssembly (77ms)
			BuildScriptInfoCaches (16ms)
			ResolveRequiredComponents (3ms)
	FinalizeReload (7358ms)
		SetupLoadedEditorAssemblies (0ms)
			InitializePlatformSupportModulesInManaged (46ms)
			BeforeProcessingInitializeOnLoad (2560ms)
			ProcessInitializeOnLoadAttributes (1494ms)
			ProcessInitializeOnLoadMethodAttributes (835ms)
			AfterProcessingInitializeOnLoad (66ms)
		AwakeInstancesAfterBackupRestoration (108ms)
Launched and connected shader compiler UnityShaderCompiler.exe after 0.12 seconds
Unloading 0 Unused Serialized files (Serialized files now loaded: 0)
Unloading 64 unused Assets / (30.3 KB). Loaded Objects now: 663.
Memory consumption went from 65.4 MB to 65.4 MB.
Total: 30.954300 ms (FindLiveObjects: 0.456700 ms CreateObjectMapping: 0.108500 ms MarkObjects: 29.526200 ms  DeleteObjects: 0.846200 ms)

========================================================================
Received Import Request.
  Time since last request: 414681.728668 seconds.
  path: Assets/Level101.unity
  importAddress: Guid(1063786fcc65bca47b23bbae0bedc738) Importer(2089858483,b0f066a214c2f5e87bad3c948f4d605d)
Start importing Assets/Level101.unity using Guid(1063786fcc65bca47b23bbae0bedc738) Importer(2089858483,b0f066a214c2f5e87bad3c948f4d605d) (ScriptedImporter) -> (Import Result ID: '409b553f9de07a7a1633a38c97af2c07') in 1.4433002 seconds [static and dynamic dependencies]. Details - ImportResultOutputID=a8bef4c2e85d0e8e70dbae3e1f904863 DependenciesID=a810118b07bcbc9adf53baaa2d153112 StaticDependenciesID=c511bdbb0d6166d64013cae5cffc992a 
Number of updated asset objects reloaded before import = 0Number of asset objects unloaded after import = 1

========================================================================
Received Import Request.
  Time since last request: 12.399566 seconds.
  path: Assets/Prefabs
  importAddress: Guid(e230bf6d037ac244fae8d8d98a0077c1) Importer(815301076,1909f56bfc062723c751e8b465ee728b)
Start importing Assets/Prefabs using Guid(e230bf6d037ac244fae8d8d98a0077c1) Importer(815301076,1909f56bfc062723c751e8b465ee728b) (PreviewImporter) -> (Import Result ID: '9ccb5a46b24b128dd7a3ba6661e43ce3') in 0.0068966 seconds [static and dynamic dependencies]. Details - ImportResultOutputID=fefacbb96203876bd8bd422a4a43b475 DependenciesID=f6d30c2e5196c37d9035e23459fc05eb StaticDependenciesID=09c90d9c0b0e286a736e0c0a8bd4c9e3 
Number of updated asset objects reloaded before import = 0Number of asset objects unloaded after import = 0

========================================================================
Received Import Request.
  Time since last request: 0.621710 seconds.
  path: Assets/Prefabs
  importAddress: Guid(e230bf6d037ac244fae8d8d98a0077c1) Importer(2089858483,b0f066a214c2f5e87bad3c948f4d605d)
Start importing Assets/Prefabs using Guid(e230bf6d037ac244fae8d8d98a0077c1) Importer(2089858483,b0f066a214c2f5e87bad3c948f4d605d) (ScriptedImporter) -> (Import Result ID: '5789ece164ab647e7b84c210c0e60c7f') in 0.0401 seconds [static and dynamic dependencies]. Details - ImportResultOutputID=3d47e11fd1d6b096a67953b5193065b6 DependenciesID=89a0cb18097b35b8be064b0cb62c4fd7 StaticDependenciesID=1fd816e929ecfcf700146b1e0bd1e463 
Number of updated asset objects reloaded before import = 0Number of asset objects unloaded after import = 1

========================================================================
Received Import Request.
  Time since last request: 6.979274 seconds.
  path: Assets/Prefabs/Player.prefab
  importAddress: Guid(e95a8be5920d51c4bb1a0be42a110991) Importer(815301076,1909f56bfc062723c751e8b465ee728b)
Start importing Assets/Prefabs/Player.prefab using Guid(e95a8be5920d51c4bb1a0be42a110991) Importer(815301076,1909f56bfc062723c751e8b465ee728b) (PreviewImporter) -> (Import Result ID: 'bca816ee20205a7255bc9965ce5a53ec') in 4.880432 seconds [static and dynamic dependencies]. Details - ImportResultOutputID=48a822391336fd0b12aef50f743e97e5 DependenciesID=cbec94a53abb02d20e55a2424228c8a6 StaticDependenciesID=aa8f16fa08b2c8ffb33420c632d0a614 
Number of updated asset objects reloaded before import = 0Number of asset objects unloaded after import = 7

========================================================================
Received Import Request.
  Time since last request: 20.177206 seconds.
  path: Assets
  importAddress: Guid(00000000000000001000000000000000) Importer(815301076,1909f56bfc062723c751e8b465ee728b)
Start importing Assets using Guid(00000000000000001000000000000000) Importer(815301076,1909f56bfc062723c751e8b465ee728b) (PreviewImporter) -> (Import Result ID: 'ba3d99d3e6455b7d738cc313a5658c64') in 0.0053709 seconds [static and dynamic dependencies]. Details - ImportResultOutputID=a7ba422695a8aa3da15a65ed13cf7f8c DependenciesID=aacbd2d46c4ccb757ffc405dc59c5e9b StaticDependenciesID=09d262387b384c67fbae9f36a9075c34 
Number of updated asset objects reloaded before import = 0Number of asset objects unloaded after import = 0

========================================================================
Received Import Request.
  Time since last request: 13.502223 seconds.
  path: Assets/Scenes
  importAddress: Guid(11e90a0fb75c330408daae525b736ad8) Importer(815301076,1909f56bfc062723c751e8b465ee728b)
Start importing Assets/Scenes using Guid(11e90a0fb75c330408daae525b736ad8) Importer(815301076,1909f56bfc062723c751e8b465ee728b) (PreviewImporter) -> (Import Result ID: 'c4e3580c22c8a2a5a8d25ddfe54da995') in 0.0031076 seconds [static and dynamic dependencies]. Details - ImportResultOutputID=202f627667b54db319626a25f5bf2a76 DependenciesID=02147d5020b74a88794f0bfbc2b6799a StaticDependenciesID=52c4abacccbf0a7869319bb08b991c21 
Number of updated asset objects reloaded before import = 0Number of asset objects unloaded after import = 0

========================================================================
Received Import Request.
  Time since last request: 8.194293 seconds.
  path: Assets/Scenes
  importAddress: Guid(11e90a0fb75c330408daae525b736ad8) Importer(2089858483,b0f066a214c2f5e87bad3c948f4d605d)
Start importing Assets/Scenes using Guid(11e90a0fb75c330408daae525b736ad8) Importer(2089858483,b0f066a214c2f5e87bad3c948f4d605d) (ScriptedImporter) -> (Import Result ID: 'e0ccdffde5ee4cc2664f3dd8f32dcb23') in 0.019723 seconds [static and dynamic dependencies]. Details - ImportResultOutputID=214d235d721330d24f27fa6fd0d35203 DependenciesID=52651274ef51fee93b8ab6d54cf5f307 StaticDependenciesID=562ab472924532dc368633910841e4e3 
Number of updated asset objects reloaded before import = 0Number of asset objects unloaded after import = 1

========================================================================
Received Import Request.
  Time since last request: 13.101338 seconds.
  path: Assets/Scenes/Level101.unity
  importAddress: Guid(1063786fcc65bca47b23bbae0bedc738) Importer(2089858483,b0f066a214c2f5e87bad3c948f4d605d)
Start importing Assets/Scenes/Level101.unity using Guid(1063786fcc65bca47b23bbae0bedc738) Importer(2089858483,b0f066a214c2f5e87bad3c948f4d605d) (ScriptedImporter) -> (Import Result ID: '454b8b44adbe3da69c92de1036cd986d') in 12.722069 seconds [static and dynamic dependencies]. Details - ImportResultOutputID=fc67a1b2690773cb7d179bb867c376da DependenciesID=4345a7d24b7410ad9edbe4355c03771b StaticDependenciesID=6cdccfcd26d46e028936a413fbde7673 
Number of updated asset objects reloaded before import = 0Number of asset objects unloaded after import = 1

